export const snapshot = {};

snapshot[`Issue Mine Command - Help Text 1`] = `
stdout:
\`
Usage: mine

Description:

  List your issues

Options:

  -h, --help                       - Show this help.                                                                                                                       
  -s, --state      <state>         - Filter by issue state (can be repeated for multiple states)                    (Default: [ \\x1b[32m"unstarted"\\x1b[39m ], Values: \\x1b[32m"triage"\\x1b[39m, \\x1b[32m"backlog"\\x1b[39m,
                                                                                                                    \\x1b[32m"unstarted"\\x1b[39m, \\x1b[32m"started"\\x1b[39m, \\x1b[32m"completed"\\x1b[39m, \\x1b[32m"canceled"\\x1b[39m)       
  --all-states                     - Show issues from all states                                                                                                           
  --sort           <sort>          - Sort order (can also be set via LINEAR_ISSUE_SORT)                             (Values: \\x1b[32m"manual"\\x1b[39m, \\x1b[32m"priority"\\x1b[39m)                         
  --team           <team>          - Team to list issues for (if not your default team)                                                                                    
  --project        <project>       - Filter by project name                                                                                                                
  --project-label  <projectLabel>  - Filter by project label name (shows issues from all projects with this label)                                                         
  --cycle          <cycle>         - Filter by cycle name, number, or 'active'                                                                                             
  --milestone      <milestone>     - Filter by project milestone name (requires --project)                                                                                 
  -l, --label      <label>         - Filter by label name (can be repeated for multiple labels)                                                                            
  --limit          <limit>         - Maximum number of issues to fetch (default: 50, use 0 for unlimited)           (Default: \\x1b[33m50\\x1b[39m)                                          
  --created-after  <date>          - Filter issues created after this date (ISO 8601 or YYYY-MM-DD)                                                                        
  --updated-after  <date>          - Filter issues updated after this date (ISO 8601 or YYYY-MM-DD)                                                                        
  -w, --web                        - Open in web browser                                                                                                                   
  -a, --app                        - Open in Linear.app                                                                                                                    
  --no-pager                       - Disable automatic paging for long output                                                                                              

\`
stderr:
""
`;
