export const snapshot = {};

snapshot[`Issue Comment List Command - Basic 1`] = `
stdout:
"@Test User commented 1/15/2024 [comment-uuid-101]
This is the second root comment

@Test User commented 1/15/2024 [comment-uuid-456]
This is the first comment

  @Another User replied 1/15/2024 [comment-uuid-789]
  This is a reply to the first comment

"
stderr:
""
`;

snapshot[`Issue Comment List Command - JSON Output 1`] = `
stdout:
'{
  "nodes": [
    {
      "id": "comment-uuid-456",
      "body": "This is a comment",
      "createdAt": "2024-01-15T10:30:00Z",
      "updatedAt": "2024-01-15T10:30:00Z",
      "url": "https://linear.app/issue/TEST-123#comment-uuid-456",
      "user": {
        "name": "testuser",
        "displayName": "Test User"
      },
      "externalUser": null,
      "parent": null
    }
  ],
  "pageInfo": {
    "hasNextPage": false,
    "endCursor": null
  }
}
'
stderr:
""
`;

snapshot[`Issue Comment List Command - No Comments 1`] = `
stdout:
"No comments found for this issue
"
stderr:
""
`;
