// Bun Snapshot v1, https://bun.sh/docs/test/snapshots

exports[`Project Delete Command - Help Text 1`] = `
"stdout:
"Usage: delete [options] <projectId>

Delete (trash) a Linear project

Arguments:
  projectId    Project ID or slug

Options:
  -f, --force  Skip confirmation prompt
  -h, --help   display help for command
"
stderr:
"""
`;

exports[`Project Delete Command - With Force Flag 1`] = `
"stdout:
"✓ Deleted project: Deleted Project
"
stderr:
"""
`;
