// Bun Snapshot v1, https://bun.sh/docs/test/snapshots

exports[`Milestone List Command - Help Text 1`] = `
"stdout:
"Usage: milestone list [options]

List milestones for a project

Options:
  --project <projectId>  Project ID
  -j, --json             Output as JSON
  -h, --help             display help for command
"
stderr:
"""
`;

exports[`Milestone List Command - With Mock Milestones 1`] = `
"stdout:
"NAME                      ID                                   TARGET DATE  PROJECT     
Infrastructure Foundation milestone-1                          2026-01-31   Test Project
Observation Phase         milestone-2                          2026-02-28   Test Project
Safe Enablement           milestone-3                          2026-03-31   Test Project
"
stderr:
"""
`;

exports[`Milestone List Command - No Milestones Found 1`] = `
"stdout:
"No milestones found for this project.
"
stderr:
"""
`;
