// Bun Snapshot v1, https://bun.sh/docs/test/snapshots

exports[`Milestone Delete Command - Help Text 1`] = `
"stdout:
"Usage: delete [options] <id>

Delete a project milestone

Arguments:
  id           Milestone ID

Options:
  -f, --force  Skip confirmation prompt
  -h, --help   display help for command
"
stderr:
"""
`;

exports[`Milestone Delete Command - With Force Flag 1`] = `
"stdout:
"✓ Deleted milestone milestone-123
"
stderr:
"""
`;
