export const snapshot = {};

snapshot[`Milestone List Command - Help Text 1`] = `
stdout:
"
Usage: list --project <projectId>

Description:

  List milestones for a project

Options:

  -h, --help               - Show this help.            
  --project   <projectId>  - Project ID       (required)

"
stderr:
""
`;

snapshot[`Milestone List Command - With Mock Milestones 1`] = `
stdout:
"NAME                      ID                                   TARGET DATE  PROJECT     
Infrastructure Foundation milestone-1                          2026-01-31   Test Project
Observation Phase         milestone-2                          2026-02-28   Test Project
Safe Enablement           milestone-3                          2026-03-31   Test Project
"
stderr:
""
`;

snapshot[`Milestone List Command - No Milestones Found 1`] = `
stdout:
"No milestones found for this project.
"
stderr:
""
`;
