// Bun Snapshot v1, https://bun.sh/docs/test/snapshots

exports[`Milestone Create Command - Help Text 1`] = `
"stdout:
"Usage: create [options]

Create a new project milestone

Options:
  --project <projectId>        Project ID
  --name <name>                Milestone name
  --description <description>  Milestone description
  --target-date <date>         Target date (YYYY-MM-DD)
  -h, --help                   display help for command
"
stderr:
"""
`;

exports[`Milestone Create Command - Success 1`] = `
"stdout:
"✓ Created milestone: Q1 Goals
  ID: milestone-new-1
  Target Date: 2026-03-31
  Project: Test Project
"
stderr:
"""
`;

exports[`Milestone Create Command - Minimal Fields 1`] = `
"stdout:
"✓ Created milestone: Simple Milestone
  ID: milestone-new-2
  Project: Another Project
"
stderr:
"""
`;
