export const snapshot = {};

snapshot[`Initiative View Command - JSON Output 1`] = `
stdout:
'{
  "id": "550e8400-e29b-41d4-a716-446655440000",
  "slugId": "alpha",
  "name": "Alpha Initiative",
  "description": "Top-level initiative description.",
  "status": "active",
  "targetDate": "2026-05-01",
  "health": "onTrack",
  "color": "#10b981",
  "icon": "🟢",
  "url": "https://linear.app/test/initiative/alpha",
  "archivedAt": null,
  "createdAt": "2026-01-01T10:00:00Z",
  "updatedAt": "2026-02-01T10:00:00Z",
  "owner": {
    "id": "owner-1",
    "name": "alex.active",
    "displayName": "Alex Active"
  },
  "projects": {
    "nodes": [
      {
        "id": "project-1",
        "slugId": "project-a",
        "name": "Project A",
        "status": {
          "name": "In Progress",
          "type": "started"
        }
      }
    ]
  }
}
'
stderr:
""
`;
