// Bun Snapshot v1, https://bun.sh/docs/test/snapshots

exports[`Team List Command - Help Text 1`] = `
"stdout:
"Usage: list [options]

List teams

Options:
  -w, --web   Open in web browser
  -a, --app   Open in Linear.app
  -j, --json  Output as JSON
  -h, --help  display help for command
"
stderr:
"""
`;

exports[`Team List Command - With Mock Teams 1`] = `
"stdout:
"KEY      NAME          CYCLES UPDATED      ID    
BACKEND  Backend Team  Yes    575 days ago team-1
FRONTEND Frontend Team No     577 days ago team-2
SEC      Security Team Yes    572 days ago team-3
"
stderr:
"""
`;

exports[`Team List Command - No Teams Found 1`] = `
"stdout:
"No teams found.
"
stderr:
"""
`;

exports[`Team List Command - Pagination (Multiple Pages) 1`] = `
"stdout:
"KEY   NAME       CYCLES UPDATED      ID          
ALPHA Alpha Team Yes    428 days ago team-page1-1
BETA  Beta Team  No     427 days ago team-page1-2
DELTA Delta Team No     425 days ago team-page2-2
GAMMA Gamma Team Yes    426 days ago team-page2-1
"
stderr:
"""
`;
