export const snapshot = {};

snapshot[`Team List Command - Help Text 1`] = `
stdout:
"
Usage: list

Description:

  List teams

Options:

  -h, --help  - Show this help.      
  -w, --web   - Open in web browser  
  -a, --app   - Open in Linear.app   

"
stderr:
""
`;

snapshot[`Team List Command - No Teams Found 1`] = `
stdout:
"No teams found.
"
stderr:
""
`;
