export const snapshot = {};

snapshot[`Cycle List Command - Help Text 1`] = `
stdout:
"
Usage: list

Description:

  List cycles for a team

Options:

  -h, --help          - Show this help.                      
  --team      <team>  - Team key (defaults to current team)  

"
stderr:
""
`;

snapshot[`Cycle List Command - With Mock Cycles 1`] = `
stdout:
"#  NAME      START      END        STATUS   
14 Sprint 14 2026-03-10 2026-03-24 Upcoming 
13 Sprint 13 2026-02-24 2026-03-10 Active   
12 Sprint 12 2026-02-10 2026-02-24 Completed
"
stderr:
""
`;

snapshot[`Cycle List Command - No Cycles Found 1`] = `
stdout:
"No cycles found for this team.
"
stderr:
""
`;
