// Bun Snapshot v1, https://bun.sh/docs/test/snapshots

exports[`Document List Command - Help Text 1`] = `
"stdout:
"Usage: list|l [options]

List documents

Options:
  --project <project>  Filter by project (slug or name)
  --issue <issue>      Filter by issue (identifier like TC-123)
  --json               Output as JSON
  --limit <limit>      Limit results (default: 50)
  -h, --help           display help for command
"
stderr:
"""
`;

exports[`Document List Command - JSON Output 1`] = `
"stdout:
"{
  "nodes": [
    {
      "id": "doc-1",
      "title": "Delegation System Spec",
      "slugId": "d4b93e3b2695",
      "url": "https://linear.app/test/document/delegation-system-spec-d4b93e3b2695",
      "updatedAt": "2026-01-18T10:30:00Z",
      "project": {
        "name": "TinyCloud SDK",
        "slugId": "tinycloud-sdk"
      },
      "issue": null,
      "creator": {
        "name": "John Doe"
      }
    }
  ],
  "pageInfo": {
    "hasNextPage": false,
    "endCursor": null
  }
}
"
stderr:
"""
`;

exports[`Document List Command - Empty Results 1`] = `
"stdout:
"No documents found.
"
stderr:
"""
`;
